exports[`test renders Grid correctly 1`] = `
<div
  className="Grid">
  <div
    className="GridRow GridRow--is-active btn-group"
    role="group">
    <button
      className="GridItem GridItem--is-active btn btn-default"
      disabled={false}
      onClick={[Function]}
      type="button">
      a
    </button>
    <button
      className="GridItem btn btn-default"
      disabled={false}
      onClick={[Function]}
      type="button">
      b
    </button>
    <button
      className="GridItem btn btn-default"
      disabled={false}
      onClick={[Function]}
      type="button">
      c
    </button>
    <button
      className="GridItem btn btn-default"
      disabled={false}
      onClick={[Function]}
      type="button">
      abs
    </button>
    <button
      className="GridItem btn btn-default"
      disabled={false}
      onClick={[Function]}
      type="button">
      ace
    </button>
    <button
      className="GridItem btn btn-default"
      disabled={false}
      onClick={[Function]}
      type="button">
      adder
    </button>
  </div>
  <div
    className="GridRow btn-group"
    role="group">
    <button
      className="GridItem btn btn-default"
      disabled={false}
      onClick={[Function]}
      type="button">
      d
    </button>
    <button
      className="GridItem btn btn-default"
      disabled={false}
      onClick={[Function]}
      type="button">
      e
    </button>
    <button
      className="GridItem btn btn-default"
      disabled={false}
      onClick={[Function]}
      type="button">
      f
    </button>
    <button
      className="GridItem btn btn-default"
      disabled={false}
      onClick={[Function]}
      type="button">
      abs
    </button>
    <button
      className="GridItem btn btn-default"
      disabled={false}
      onClick={[Function]}
      type="button">
      ace
    </button>
    <button
      className="GridItem btn btn-default"
      disabled={false}
      onClick={[Function]}
      type="button">
      adder
    </button>
  </div>
  <div
    className="GridRow btn-group"
    role="group">
    <button
      className="GridItem btn btn-default"
      disabled={false}
      onClick={[Function]}
      type="button">
      g
    </button>
    <button
      className="GridItem btn btn-default"
      disabled={false}
      onClick={[Function]}
      type="button">
      h
    </button>
    <button
      className="GridItem btn btn-default"
      disabled={false}
      onClick={[Function]}
      type="button">
      i
    </button>
    <button
      className="GridItem btn btn-default"
      disabled={false}
      onClick={[Function]}
      type="button">
      abs
    </button>
    <button
      className="GridItem btn btn-default"
      disabled={false}
      onClick={[Function]}
      type="button">
      ace
    </button>
    <button
      className="GridItem btn btn-default"
      disabled={false}
      onClick={[Function]}
      type="button">
      adder
    </button>
  </div>
</div>
`;
