// Jest Snapshot v1, https://goo.gl/fbAQLP

exports[`renders App correctly 1`] = `
<div
  className="App"
>
  <div
    className="ui borderless Header menu"
  >
    <a
      className="item"
      href="/"
      onClick={[Function]}
    >
      ClickType
    </a>
    <div
      className="right menu"
    >
      <div
        className="disabled item"
        onClick={[Function]}
      >
        Press space to start
      </div>
      <a
        className="item"
        onClick={[Function]}
      >
        Link Puck
        <i
          aria-hidden="true"
          className="help circle outline icon Header--question"
          onBlur={[Function]}
          onClick={[Function]}
          onFocus={[Function]}
          onMouseEnter={[Function]}
          onMouseLeave={[Function]}
          style={
            Object {
              "color": "rgba(0, 0, 0, 0.87)",
            }
          }
        />
      </a>
      <a
        className="item"
        href="https://github.com/fi5u/clicktype/wiki/ClickType-help"
        onClick={[Function]}
      >
        Help
      </a>
    </div>
  </div>
  <div
    className="Grid"
  >
    <div
      className="ui basic buttons GridRow GridRow--is-active GridRow--is-first"
    >
      <button
        className="ui medium button GridItem GridItem--letter     GridItem--is-capitalized"
        disabled={undefined}
        onClick={[Function]}
        tabIndex={undefined}
      >
        a
      </button>
      <button
        className="ui medium button GridItem GridItem--letter     GridItem--is-capitalized"
        disabled={undefined}
        onClick={[Function]}
        tabIndex={undefined}
      >
        b
      </button>
      <button
        className="ui medium button GridItem GridItem--letter     GridItem--is-capitalized"
        disabled={undefined}
        onClick={[Function]}
        tabIndex={undefined}
      >
        c
      </button>
      <button
        className="ui medium button GridItem GridItem--suggested     GridItem--is-capitalized"
        disabled={undefined}
        onClick={[Function]}
        tabIndex={undefined}
      >
        abs
      </button>
      <button
        className="ui medium button GridItem GridItem--suggested     GridItem--is-capitalized"
        disabled={undefined}
        onClick={[Function]}
        tabIndex={undefined}
      >
        ace
      </button>
      <button
        className="ui medium button GridItem GridItem--suggested     GridItem--is-capitalized"
        disabled={undefined}
        onClick={[Function]}
        tabIndex={undefined}
      >
        adder
      </button>
    </div>
    <div
      className="ui basic buttons GridRow  GridRow--is-middle"
    >
      <button
        className="ui medium button GridItem GridItem--letter  GridItem--is-inactive-row   GridItem--is-capitalized"
        disabled={undefined}
        onClick={[Function]}
        tabIndex={undefined}
      >
        d
      </button>
      <button
        className="ui medium button GridItem GridItem--letter  GridItem--is-inactive-row   GridItem--is-capitalized"
        disabled={undefined}
        onClick={[Function]}
        tabIndex={undefined}
      >
        e
      </button>
      <button
        className="ui medium button GridItem GridItem--letter  GridItem--is-inactive-row   GridItem--is-capitalized"
        disabled={undefined}
        onClick={[Function]}
        tabIndex={undefined}
      >
        f
      </button>
    </div>
    <div
      className="ui basic buttons GridRow  GridRow--is-last"
    >
      <button
        className="ui medium button GridItem GridItem--letter  GridItem--is-inactive-row   GridItem--is-capitalized"
        disabled={undefined}
        onClick={[Function]}
        tabIndex={undefined}
      >
        g
      </button>
      <button
        className="ui medium button GridItem GridItem--letter  GridItem--is-inactive-row   GridItem--is-capitalized"
        disabled={undefined}
        onClick={[Function]}
        tabIndex={undefined}
      >
        h
      </button>
      <button
        className="ui medium button GridItem GridItem--letter  GridItem--is-inactive-row   GridItem--is-capitalized"
        disabled={undefined}
        onClick={[Function]}
        tabIndex={undefined}
      >
        i
      </button>
    </div>
  </div>
  <div
    className="OutputDisplay"
  >
    <span
      className="OutputDisplay__content"
    >
      
    </span>
  </div>
  <div
    className="InfoBar"
    style={undefined}
  >
    <div
      className="InfoBar__inner"
    >
      <div
        className="InfoBar__items"
      >
        <div
          className="InfoBar__item"
        >
          <div
            className="InfoBar__item-inner"
          >
            <div
              className="InfoBar__symbol"
            >
              ⇡
            </div>
            <div
              className="InfoBar__label"
            >
              switch to rows
            </div>
          </div>
        </div>
        <div
          className="InfoBar__item"
        >
          <div
            className="InfoBar__item-inner"
          >
            <div
              className="InfoBar__symbol"
            >
              ⌫
            </div>
            <div
              className="InfoBar__label"
            >
              backspace
            </div>
          </div>
        </div>
        <div
          className="InfoBar__item"
        >
          <div
            className="InfoBar__item-inner"
          >
            <div
              className="InfoBar__symbol"
            >
              []
            </div>
            <div
              className="InfoBar__label"
            >
              space
            </div>
          </div>
        </div>
        <div
          className="InfoBar__item"
        >
          <div
            className="InfoBar__item-inner"
          >
            <div
              className="InfoBar__symbol"
            >
              «
            </div>
            <div
              className="InfoBar__label"
            >
              slow down
            </div>
          </div>
        </div>
        <div
          className="InfoBar__item"
        >
          <div
            className="InfoBar__item-inner"
          >
            <div
              className="InfoBar__symbol"
            >
              NaN
            </div>
            <div
              className="InfoBar__label"
            >
              current speed
            </div>
          </div>
        </div>
        <div
          className="InfoBar__item"
        >
          <div
            className="InfoBar__item-inner"
          >
            <div
              className="InfoBar__symbol"
            >
              »
            </div>
            <div
              className="InfoBar__label"
            >
              speed up
            </div>
          </div>
        </div>
        <div
          className="InfoBar__item"
        >
          <div
            className="InfoBar__item-inner"
          >
            <div
              className="InfoBar__symbol"
            >
              ⇪
            </div>
            <div
              className="InfoBar__label"
            >
              toggle caps lock
            </div>
          </div>
        </div>
        <div
          className="InfoBar__item"
        >
          <div
            className="InfoBar__item-inner"
          >
            <div
              className="InfoBar__symbol"
            >
              ×
            </div>
            <div
              className="InfoBar__label"
            >
              clear all
            </div>
          </div>
        </div>
      </div>
    </div>
  </div>
</div>
`;
